1. membuat sebuah folder kosong dengan namamu sendiri
$ mkdir Immanuel

acer@LAPTOP-QSV4TGHG MINGW64 /d/Kuliah/Tingkat 4/Semester 7/SKILVUL/TA-Git
$ cd Immanuel

2. membuat sebuah file dengan nama README.md, isi file tersebut dengan kalimat
"Halo perkenalkan aku halaman utama"
$ touch README.md

acer@LAPTOP-QSV4TGHG MINGW64 /d/Kuliah/Tingkat 4/Semester 7/SKILVUL/TA-Git/Immanuel
$ printf "Halo perkenalkan aku halaman utama" >>README.md

3. insialisasi folder tersebut dengan Git, kemudian dokumentasikan menggunakan commit dengan pesan
"Inisialisasi Git Repository"
$ git init .
Initialized empty Git repository in D:/Kuliah/Tingkat 4/Semester 7/SKILVUL/TA-Git/Immanuel/.git/

acer@LAPTOP-QSV4TGHG MINGW64 /d/Kuliah/Tingkat 4/Semester 7/SKILVUL/TA-Git/Immanuel (master)
$ git add .

acer@LAPTOP-QSV4TGHG MINGW64 /d/Kuliah/Tingkat 4/Semester 7/SKILVUL/TA-Git/Immanuel (master)
$ git commit -m "Inisialisasi Git Repository"
[master (root-commit) 21e0662] Inisialisasi Git Repository
 1 file changed, 1 insertion(+)
 create mode 100644 README.md

acer@LAPTOP-QSV4TGHG MINGW64 /d/Kuliah/Tingkat 4/Semester 7/SKILVUL/TA-Git/Immanuel (master)
$ git remote add origin https://github.com/immanuel3333/TA-Git.git

4. buat branch baru dengan nama cv, hal ini berguna agar histori kita tidak tercampur
$ git branch cv

5. pindah branch kedalam cv, kemudian buat file dengan nama cv.txt dan isi file tersebut dengan kalimat:
"Ini adalah file CV"
$ git checkout cv
Switched to branch 'cv'

acer@LAPTOP-QSV4TGHG MINGW64 /d/Kuliah/Tingkat 4/Semester 7/SKILVUL/TA-Git/Immanuel (cv)
$ touch cv.txt

acer@LAPTOP-QSV4TGHG MINGW64 /d/Kuliah/Tingkat 4/Semester 7/SKILVUL/TA-Git/Immanuel (cv)
$ printf "Ini adalah file CV" >>cv.txt

acer@LAPTOP-QSV4TGHG MINGW64 /d/Kuliah/Tingkat 4/Semester 7/SKILVUL/TA-Git/Immanuel (cv)
$ git add .

6. kemudian dokumentasikan menggunakan commit dengan pesan
"Inisialisasi CV"
$ git commit -m "Inisialisasi CV"
[cv 6cc070e] Inisialisasi CV
 1 file changed, 1 insertion(+)
 create mode 100644 cv.txt

7. tambahkan 3 perusahaan yang akan kamu lamar, dan setiap menuliskan 1 nama perusahaan kamu harus melakukan dokumentasi menggunakan commit
$ printf "\nGoogle" >>cv.txt

acer@LAPTOP-QSV4TGHG MINGW64 /d/Kuliah/Tingkat 4/Semester 7/SKILVUL/TA-Git/Immanuel (cv)
$ git add .
warning: LF will be replaced by CRLF in cv.txt.
The file will have its original line endings in your working directory

acer@LAPTOP-QSV4TGHG MINGW64 /d/Kuliah/Tingkat 4/Semester 7/SKILVUL/TA-Git/Immanuel (cv)
$ git commit -m "tambahan perusahaan google"
[cv eb61d38] tambahan perusahaan google
 1 file changed, 3 insertions(+), 1 deletion(-)

acer@LAPTOP-QSV4TGHG MINGW64 /d/Kuliah/Tingkat 4/Semester 7/SKILVUL/TA-Git/Immanuel (cv)
$ printf "\nFacebook" >>cv.txt

acer@LAPTOP-QSV4TGHG MINGW64 /d/Kuliah/Tingkat 4/Semester 7/SKILVUL/TA-Git/Immanuel (cv)
$ git add .
warning: LF will be replaced by CRLF in cv.txt.
The file will have its original line endings in your working directory

acer@LAPTOP-QSV4TGHG MINGW64 /d/Kuliah/Tingkat 4/Semester 7/SKILVUL/TA-Git/Immanuel (cv)
$ git commit -m "tambahan perusahaan facebook"
[cv 2581edb] tambahan perusahaan facebook
 1 file changed, 2 insertions(+), 1 deletion(-)

acer@LAPTOP-QSV4TGHG MINGW64 /d/Kuliah/Tingkat 4/Semester 7/SKILVUL/TA-Git/Immanuel (cv)
$ printf "\nMicrosoft" >>cv.txt

acer@LAPTOP-QSV4TGHG MINGW64 /d/Kuliah/Tingkat 4/Semester 7/SKILVUL/TA-Git/Immanuel (cv)
$ git add .
warning: LF will be replaced by CRLF in cv.txt.
The file will have its original line endings in your working directory

acer@LAPTOP-QSV4TGHG MINGW64 /d/Kuliah/Tingkat 4/Semester 7/SKILVUL/TA-Git/Immanuel (cv)
$ git commit -m "tambahan perusahaan microsoft"
[cv 0c0aad5] tambahan perusahaan microsoft
 1 file changed, 2 insertions(+), 1 deletion(-)

8. kembali ke branch master
$ git checkout master
Switched to branch 'master'

9. ubah file README.md menjadi
Halo perkenalkan aku halaman utama

Ini adalah update pertama pada branch master
$ printf "\n\nIni adalah update pertama pada branch master" >>README.md

acer@LAPTOP-QSV4TGHG MINGW64 /d/Kuliah/Tingkat 4/Semester 7/SKILVUL/TA-Git/Immanuel (master)
$ git add .
warning: LF will be replaced by CRLF in README.md.
The file will have its original line endings in your working directory

jangan lupa untuk mendokumentasikannya menggunakan commit dengan pesan
"update master pertama"
$ git commit -m "update master pertama"
[master 43aef53] update master pertama
 1 file changed, 3 insertions(+), 1 deletion(-)

10. gabungkan branch cv kedalam branch master menggunakan perintah git merge
$ git merge cv
Merge made by the 'recursive' strategy.
 cv.txt | 5 +++++
 1 file changed, 5 insertions(+)
 create mode 100644 cv.txt

acer@LAPTOP-QSV4TGHG MINGW64 /d/Kuliah/Tingkat 4/Semester 7/SKILVUL/TA-Git/Immanuel (master)
$ git push -u origin master
Enumerating objects: 20, done.
Counting objects: 100% (20/20), done.
Delta compression using up to 12 threads
Compressing objects: 100% (13/13), done.
Writing objects: 100% (20/20), 1.85 KiB | 1.85 MiB/s, done.
Total 20 (delta 1), reused 0 (delta 0), pack-reused 0
remote: Resolving deltas: 100% (1/1), done.
To https://github.com/immanuel3333/TA-Git.git
 * [new branch]      master -> master
Branch 'master' set up to track remote branch 'master' from 'origin'.